[
  {
    "Title": "Welcome to my blog",
    "Description": "Introduction to my blog",
    "Body": "---\n\n# First recipe!\n\nWelcome to my **amazing recipe blog**. I am going to write about my family recipes, and make sure I write a long, irrelevant and boring story about my family before you get to the actual instructions.",
    "Tags": [
      "cooking",
      "family",
      "live-laugh-love"
    ]
  }
]
